// Jest Snapshot v1, https://goo.gl/fbAQLP

exports[`Should render expense list item 1`] = `
<Link
  className="list-item"
  replace={false}
  to="/edit/1"
>
  <div>
    <h3
      className="list-item__title"
    >
      Apple
    </h3>
    <span
      className="list-item__subtitle"
    >
      Sunday, December 23rd 2018, 12:00:00 am
    </span>
  </div>
  <h3
    className="list-item__data"
  >
    $1.80
  </h3>
</Link>
`;
