// Jest Snapshot v1, https://goo.gl/fbAQLP

exports[`Should render Page not found 1`] = `
<div>
  404! - 
  <Link
    replace={false}
    to="/"
  >
    Home
  </Link>
</div>
`;
